Copyright 1986-2014 Xilinx, Inc. All Rights Reserved.
-----------------------------------------------------------------------------------------------------
| Tool Version : Vivado v.2014.1 (win64) Build 881834 Fri Apr  4 14:15:54 MDT 2014
| Date         : Tue Nov 25 07:17:57 2014
| Host         : embyr running 64-bit major release  (build 9200)
| Command      : report_control_sets -verbose -file projector_test_build_top_control_sets_placed.rpt
| Design       : projector_test_build_top
| Device       : xc7k325t
-----------------------------------------------------------------------------------------------------

Control Set Information

Table of Contents
-----------------
1. Summary
2. Flip-Flop Distribution
3. Detailed Control Set Information

1. Summary
----------

+-------------------------------------------------------------------+-------+
|                               Status                              | Count |
+-------------------------------------------------------------------+-------+
| Number of unique control sets                                     |   195 |
| Minimum Number of register sites lost to control set restrictions |   623 |
+-------------------------------------------------------------------+-------+


2. Flip-Flop Distribution
-------------------------

+--------------+-----------------------+------------------------+-----------------+--------------+
| Clock Enable | Synchronous Set/Reset | Asynchronous Set/Reset | Total Registers | Total Slices |
+--------------+-----------------------+------------------------+-----------------+--------------+
| No           | No                    | No                     |             574 |          244 |
| No           | No                    | Yes                    |              40 |           13 |
| No           | Yes                   | No                     |            1908 |          710 |
| Yes          | No                    | No                     |             916 |          319 |
| Yes          | No                    | Yes                    |              14 |            9 |
| Yes          | Yes                   | No                     |            1605 |          581 |
+--------------+-----------------------+------------------------+-----------------+--------------+


3. Detailed Control Set Information
-----------------------------------

+------------------------------------+------------------------------------------------------------------------------------------------------------------------------------+--------------------------------------------------------------------------------------------------------------------------------------------------------+------------------+----------------+
|            Clock Signal            |                                                            Enable Signal                                                           |                                                                    Set/Reset Signal                                                                    | Slice Load Count | Bel Load Count |
+------------------------------------+------------------------------------------------------------------------------------------------------------------------------------+--------------------------------------------------------------------------------------------------------------------------------------------------------+------------------+----------------+
| ~system_i/mdm_1/U0/Ext_JTAG_UPDATE |                                                                                                                                    | system_i/mdm_1/U0/n_0_Insert_Delays[0].LUT_Delay_i_1                                                                                                   |                1 |              1 |
|  system_i/clk_wiz_1/inst/clk_out1  |                                                                                                                                    | system_i/microblaze_0/U0/n_0_Use_FPU.Using_FPGA_3.first_mem_fpu_norm_delay_Inst_i_1                                                                    |                1 |              1 |
|  system_i/clk_wiz_1/inst/clk_out1  |                                                                                                                                    | system_i/mdm_1/U0/Ext_JTAG_UPDATE                                                                                                                      |                1 |              1 |
|  system_i/clk_wiz_1/inst/clk_out1  |                                                                                                                                    | system_i/mdm_1/U0/n_0_MDM_Core_I1/Use_Uart.reset_RX_FIFO_reg                                                                                           |                1 |              1 |
|  system_i/clk_wiz_1/inst/clk_out1  |                                                                                                                                    | system_i/mdm_1/U0/n_0_MDM_Core_I1/Use_Uart.reset_TX_FIFO_reg                                                                                           |                1 |              1 |
|  system_i/mdm_1/U0/Ext_JTAG_UPDATE |                                                                                                                                    | system_i/mdm_1/U0/n_0_MDM_Core_I1/JTAG_CONTROL_I/Use_UART.execute_i_2                                                                                  |                1 |              1 |
| ~system_i/mdm_1/U0/Ext_JTAG_DRCK   | system_i/mdm_1/U0/MDM_Core_I1/JTAG_CONTROL_I/CE                                                                                    | system_i/mdm_1/U0/MDM_Core_I1/JTAG_CONTROL_I/D                                                                                                         |                1 |              1 |
|  system_i/mdm_1/U0/Ext_JTAG_UPDATE | system_i/microblaze_0/U0/MicroBlaze_Core_I/Performance.Use_Debug_Logic.Master_Core.Debug_Perf/Control_Reg_En                       | system_i/microblaze_0/U0/n_0_MicroBlaze_Core_I/Performance.Use_Debug_Logic.Master_Core.Debug_Perf/start_single_step_reg                                |                1 |              1 |
|  system_i/clk_wiz_1/inst/clk_out1  | system_i/microblaze_0_axi_periph/s01_couplers/auto_pc/inst/gen_axilite.gen_b2s_conv.axilite_b2s/RD.r_channel_0/r_push_r            |                                                                                                                                                        |                1 |              1 |
|  system_i/clk_wiz_1/inst/clk_out1  | system_i/microblaze_0_axi_periph/s02_couplers/auto_pc/inst/gen_axilite.gen_b2s_conv.axilite_b2s/RD.r_channel_0/r_push_r            |                                                                                                                                                        |                1 |              1 |
|  system_i/mdm_1/U0/Ext_JTAG_UPDATE | system_i/microblaze_0/U0/MicroBlaze_Core_I/Performance.Use_Debug_Logic.Master_Core.Debug_Perf/Control_Reg_En                       | system_i/microblaze_0/U0/n_0_MicroBlaze_Core_I/Performance.Use_Debug_Logic.Master_Core.Debug_Perf/normal_stop_cmd_i_reg                                |                1 |              1 |
|  system_i/mdm_1/U0/Ext_JTAG_UPDATE | system_i/microblaze_0/U0/MicroBlaze_Core_I/Performance.Use_Debug_Logic.Master_Core.Debug_Perf/Control_Reg_En                       | system_i/microblaze_0/U0/n_0_MicroBlaze_Core_I/Performance.Use_Debug_Logic.Master_Core.Debug_Perf/force_stop_cmd_i_reg                                 |                1 |              1 |
|  system_i/mdm_1/U0/Ext_JTAG_UPDATE | system_i/microblaze_0/U0/MicroBlaze_Core_I/Performance.Use_Debug_Logic.Master_Core.Debug_Perf/Control_Reg_En                       | system_i/microblaze_0/U0/n_0_MicroBlaze_Core_I/Performance.Use_Debug_Logic.Master_Core.Debug_Perf/continue_from_brk_reg                                |                1 |              1 |
|  system_i/clk_wiz_1/inst/clk_out1  | system_i/microblaze_0/U0/n_0_mem_R[7]_i_1                                                                                          | system_i/microblaze_0/U0/MicroBlaze_Core_I/Performance.Data_Flow_I/FPU_I/Use_FPU.FPU_DIV_I/mem_div_iterate1                                            |                1 |              1 |
|  system_i/clk_wiz_1/inst/clk_out1  | system_i/microblaze_0/U0/n_0_R[0]_i_1                                                                                              |                                                                                                                                                        |                1 |              1 |
|  system_i/mdm_1/U0/Ext_JTAG_UPDATE | system_i/mdm_1/U0/MDM_Core_I1/JTAG_CONTROL_I/Debug_Rst_i0                                                                          |                                                                                                                                                        |                1 |              2 |
|  system_i/mdm_1/U0/Ext_JTAG_UPDATE |                                                                                                                                    |                                                                                                                                                        |                2 |              2 |
|  system_i/clk_wiz_1/inst/clk_out1  | system_i/microblaze_0/U0/Trace_OF_PipeRun                                                                                          |                                                                                                                                                        |                1 |              2 |
|  system_i/mdm_1/U0/Ext_JTAG_UPDATE | system_i/microblaze_0/U0/MicroBlaze_Core_I/Performance.Use_Debug_Logic.Master_Core.Debug_Perf/Command_Reg_En                       | system_i/microblaze_0/U0/MicroBlaze_Core_I/Performance.Use_Debug_Logic.Master_Core.Debug_Perf/command_reg_clear                                        |                2 |              2 |
|  system_i/clk_wiz_1/inst/clk_out1  | system_i/microblaze_0/U0/n_0_wb_exception_kind_i[27]_i_2                                                                           | system_i/microblaze_0/U0/n_0_wb_exception_kind_i[27]_i_1                                                                                               |                1 |              2 |
|  system_i/clk_wiz_1/inst/clk_out1  |                                                                                                                                    | system_i/mdm_1/U0/n_0_Use_Uart.reset_RX_FIFO_i_1                                                                                                       |                1 |              3 |
|  system_i/mdm_1/U0/Ext_JTAG_UPDATE | system_i/mdm_1/U0/MDM_Core_I1/MDM_SEL                                                                                              | system_i/mdm_1/U0/n_0_PORT_Selector[3]_i_1                                                                                                             |                1 |              4 |
|  system_i/clk_wiz_1/inst/clk_out1  | system_i/mdm_1/U0/Use_AXI_IPIF.AXI_LITE_IPIF_I/I_SLAVE_ATTACHMENT/start                                                            | system_i/mdm_1/U0/n_0_GEN_BKEND_CE_REGISTERS[3].ce_out_i[3]_i_1                                                                                        |                2 |              4 |
|  system_i/clk_wiz_1/inst/clk_out1  | system_i/microblaze_0_axi_periph/s02_couplers/auto_pc/n_0_axlen_cnt[3]_i_1                                                         |                                                                                                                                                        |                2 |              4 |
|  system_i/clk_wiz_1/inst/clk_out1  |                                                                                                                                    | system_i/microblaze_0/U0/MicroBlaze_Core_I/Performance.Decode_I/flush_pipe                                                                             |                3 |              4 |
|  system_i/clk_wiz_1/inst/clk_out1  |                                                                                                                                    | system_i/microblaze_0/U0/MicroBlaze_Core_I/Performance.Using_DCache.Using_WriteBack.DCache_wb_I1/Cache_Interface_I1/p_19_out20_out                     |                2 |              4 |
| ~system_i/mdm_1/U0/Ext_JTAG_UPDATE |                                                                                                                                    | system_i/mdm_1/U0/n_0_PORT_Selector[3]_i_1                                                                                                             |                1 |              4 |
|  system_i/clk_wiz_1/inst/clk_out1  | system_i/microblaze_0/U0/MicroBlaze_Core_I/Performance.Using_DCache.Using_WriteBack.DCache_wb_I1/Write_Req_Granted                 | system_i/microblaze_0/U0/n_0_Using_AXI.Use_AXI_Write.aw_w_fifo_mem[0][Strobe][0]_i_1                                                                   |                4 |              4 |
|  system_i/clk_wiz_1/inst/clk_out1  |                                                                                                                                    | system_i/microblaze_0/U0/MicroBlaze_Core_I/Performance.Using_ICache.ICache_I1/Cache_Interface_I1/p_0_out                                               |                1 |              4 |
|  system_i/clk_wiz_1/inst/clk_out1  | system_i/microblaze_0/U0/MicroBlaze_Core_I/Performance.Using_DCache.Using_WriteBack.DCache_wb_I1/incoming_data_for_cache           | system_i/microblaze_0/U0/MicroBlaze_Core_I/sync_reset                                                                                                  |                2 |              4 |
|  system_i/clk_wiz_1/inst/clk_out1  | system_i/microblaze_0_axi_periph/s01_couplers/auto_pc/n_0_axlen_cnt[3]_i_1__0                                                      |                                                                                                                                                        |                2 |              4 |
|  system_i/clk_wiz_1/inst/clk_out1  | system_i/microblaze_0_axi_periph/s01_couplers/auto_pc/n_0_axlen_cnt[3]_i_1                                                         |                                                                                                                                                        |                2 |              4 |
|  system_i/clk_wiz_1/inst/clk_out1  |                                                                                                                                    | system_i/microblaze_0/U0/MicroBlaze_Core_I/Performance.Decode_I/PC_Module_I/bt_ex_jump_held                                                            |                2 |              4 |
|  system_i/clk_wiz_1/inst/clk_out1  | system_i/microblaze_0/U0/n_0_Use_BTC_2.ex_prediction_bits[0]_i_1                                                                   | system_i/microblaze_0/U0/MicroBlaze_Core_I/sync_reset                                                                                                  |                1 |              4 |
|  system_i/clk_wiz_1/inst/clk_out1  | system_i/microblaze_0/U0/MicroBlaze_Core_I/WB_Halted                                                                               | system_i/microblaze_0/U0/MicroBlaze_Core_I/sync_reset                                                                                                  |                4 |              4 |
|  system_i/clk_wiz_1/inst/clk_out1  | system_i/microblaze_0/U0/n_0_EX_ALU_Op[0]_i_1                                                                                      |                                                                                                                                                        |                2 |              4 |
|  system_i/clk_wiz_1/inst/clk_out1  | system_i/microblaze_0/U0/n_0_Using_AXI.r_read_fifo_addr[0]_i_1__0                                                                  | system_i/microblaze_0/U0/MicroBlaze_Core_I/sync_reset                                                                                                  |                1 |              4 |
|  system_i/clk_wiz_1/inst/clk_out1  | system_i/microblaze_0/U0/n_0_Using_AXI.r_read_fifo_addr[0]_i_1                                                                     | system_i/microblaze_0/U0/MicroBlaze_Core_I/sync_reset                                                                                                  |                3 |              4 |
|  system_i/mdm_1/U0/Ext_JTAG_DRCK   | system_i/mdm_1/U0/n_0_TDI_Shifter[3]_i_1                                                                                           | system_i/mdm_1/U0/n_0_PORT_Selector[3]_i_1                                                                                                             |                2 |              4 |
|  system_i/clk_wiz_1/inst/clk_out1  | system_i/microblaze_0/U0/n_0_Using_AXI.Use_AXI_Write.aw_w_read_fifo_addr[0]_i_1                                                    | system_i/microblaze_0/U0/MicroBlaze_Core_I/sync_reset                                                                                                  |                2 |              4 |
|  system_i/clk_wiz_1/inst/clk_out1  | system_i/microblaze_0/U0/n_0_Using_AXI.Use_AXI_Write.aw_read_fifo_addr[0]_i_1                                                      | system_i/microblaze_0/U0/MicroBlaze_Core_I/sync_reset                                                                                                  |                1 |              4 |
|  system_i/clk_wiz_1/inst/clk_out1  |                                                                                                                                    | system_i/microblaze_0_axi_periph/s02_couplers/auto_pc/n_0_areset_d1_i_1                                                                                |                2 |              4 |
|  system_i/clk_wiz_1/inst/clk_out1  |                                                                                                                                    | system_i/microblaze_0_axi_periph/xbar/n_0_s_arvalid_reg[1]_i_1                                                                                         |                3 |              4 |
|  system_i/clk_wiz_1/inst/clk_out1  | system_i/microblaze_0/U0/n_0_Using_AXI.M_AXI_ARADDR_I[31]_i_2                                                                      | system_i/microblaze_0/U0/n_0_Cache_Interface_I1/Using_AXI.M_AXI_ARADDR_I[30]_i_1                                                                       |                2 |              4 |
|  system_i/clk_wiz_1/inst/clk_out1  |                                                                                                                                    | system_i/rst_clk_wiz_1_100M/bus_struct_reset[0]                                                                                                        |                3 |              4 |
|  system_i/mdm_1/U0/Ext_JTAG_UPDATE | system_i/microblaze_0/U0/MicroBlaze_Core_I/Performance.Use_Debug_Logic.Master_Core.Debug_Perf/Control_Reg_En                       |                                                                                                                                                        |                3 |              4 |
|  system_i/clk_wiz_1/inst/clk_out1  | system_i/mdm_1/U0/MDM_Core_I1/JTAG_CONTROL_I/fifo_Data_Present                                                                     | system_i/mdm_1/U0/n_0_MDM_Core_I1/Use_Uart.reset_TX_FIFO_reg                                                                                           |                1 |              4 |
|  system_i/clk_wiz_1/inst/clk_out1  | system_i/mdm_1/U0/MDM_Core_I1/RX_Data_Present                                                                                      | system_i/mdm_1/U0/n_0_MDM_Core_I1/Use_Uart.reset_RX_FIFO_reg                                                                                           |                1 |              4 |
|  system_i/clk_wiz_1/inst/clk_out1  |                                                                                                                                    | system_i/microblaze_0/U0/n_0_mem_left_shift_4[0]_i_1                                                                                                   |                3 |              5 |
|  system_i/clk_wiz_1/inst/clk_out1  |                                                                                                                                    | system_i/rst_clk_wiz_1_100M/lpf_int                                                                                                                    |                2 |              5 |
|  system_i/clk_wiz_1/inst/clk_out1  | system_i/microblaze_0/U0/Trace_MEM_PipeRun                                                                                         | system_i/microblaze_0/U0/n_0_Use_FPU.WB_FSR[27]_i_1                                                                                                    |                3 |              5 |
|  system_i/clk_wiz_1/inst/clk_out1  | system_i/microblaze_0/U0/MicroBlaze_Core_I/Performance.Using_ICache.ICache_I1/Stream_Data_Valid                                    | system_i/microblaze_0/U0/MicroBlaze_Core_I/Performance.Using_ICache.ICache_I1/Using_Stream.stream_cache_I1/R                                           |                2 |              5 |
|  system_i/clk_wiz_1/inst/clk_out1  | system_i/microblaze_0_axi_periph/xbar/n_0_gen_arbiter.last_rr_hot[2]_i_1                                                           | system_i/microblaze_0_axi_periph/xbar/inst/gen_sasd.crossbar_sasd_0/reset                                                                              |                4 |              5 |
|  system_i/clk_wiz_1/inst/clk_out1  | system_i/microblaze_0/U0/Trace_OF_PipeRun                                                                                          | system_i/microblaze_0/U0/MicroBlaze_Core_I/Performance.Decode_I/ex_mbar_decode                                                                         |                3 |              5 |
|  system_i/clk_wiz_1/inst/clk_out1  | system_i/microblaze_0/U0/n_0_FSM_onehot_Using_Victim_Cache.victim_state[5]_i_1                                                     | system_i/microblaze_0/U0/MicroBlaze_Core_I/sync_reset                                                                                                  |                2 |              5 |
|  system_i/clk_wiz_1/inst/clk_out1  | system_i/microblaze_0/U0/n_0_Using_AXI.Use_AXI_Write.pending_write[4]_i_1                                                          | system_i/microblaze_0/U0/MicroBlaze_Core_I/sync_reset                                                                                                  |                2 |              5 |
|  system_i/clk_wiz_1/inst/clk_out1  | system_i/microblaze_0/U0/n_0_FSM_onehot_cache_state[10]_i_1                                                                        | system_i/microblaze_0/U0/MicroBlaze_Core_I/sync_reset                                                                                                  |                5 |              5 |
|  system_i/clk_wiz_1/inst/clk_out1  | system_i/microblaze_0/U0/MicroBlaze_Core_I/Performance.Data_Flow_I/FPU_I/p_28_out                                                  | system_i/microblaze_0/U0/MicroBlaze_Core_I/sync_reset                                                                                                  |                2 |              5 |
|  system_i/clk_wiz_1/inst/clk_out1  | system_i/microblaze_0/U0/MicroBlaze_Core_I/WB_PipeRun                                                                              | system_i/microblaze_0/U0/MicroBlaze_Core_I/sync_reset                                                                                                  |                2 |              6 |
|  system_i/clk_wiz_1/inst/clk_out1  | system_i/microblaze_0/U0/MicroBlaze_Core_I/Performance.Using_DCache.Using_WriteBack.DCache_wb_I1/Cache_Interface_I1/p_72_out       | system_i/microblaze_0/U0/MicroBlaze_Core_I/sync_reset                                                                                                  |                2 |              6 |
|  system_i/clk_wiz_1/inst/clk_out1  | system_i/rst_clk_wiz_1_100M/U0/SEQ/seq_cnt_en                                                                                      | system_i/rst_clk_wiz_1_100M/clear                                                                                                                      |                1 |              6 |
|  system_i/mdm_1/U0/Ext_JTAG_DRCK   | system_i/mdm_1/U0/n_0_count[0]__0_i_1                                                                                              |                                                                                                                                                        |                1 |              6 |
|  system_i/clk_wiz_1/inst/clk_out1  | system_i/microblaze_0/U0/n_0_Using_AXI.Use_Read_Data_Active.read_data_counter[0]_i_1                                               | system_i/microblaze_0/U0/MicroBlaze_Core_I/sync_reset                                                                                                  |                2 |              6 |
|  system_i/clk_wiz_1/inst/clk_out1  | system_i/microblaze_0/U0/MicroBlaze_Core_I/Performance.Data_Flow_I/FPU_I/mem_float_operation_2                                     |                                                                                                                                                        |                2 |              6 |
|  system_i/clk_wiz_1/inst/clk_out1  | system_i/microblaze_0/U0/Trace_OF_PipeRun                                                                                          | system_i/microblaze_0/U0/MicroBlaze_Core_I/Performance.Decode_I/jump_logic_I1/use_Reg_Neg_DI                                                           |                3 |              6 |
|  system_i/clk_wiz_1/inst/clk_out1  | system_i/ISL58315_driver_0/inst/ISL58315_driver_v1_0_S00_AXI_inst/axi_arready0                                                     | system_i/ISL58315_driver_0/n_0_axi_awready_i_1                                                                                                         |                1 |              7 |
|  system_i/clk_wiz_1/inst/clk_out1  |                                                                                                                                    | system_i/microblaze_0_axi_periph/s01_couplers/auto_pc/n_0_areset_d1_i_1                                                                                |                4 |              8 |
|  system_i/mdm_1/U0/Ext_JTAG_DRCK   | system_i/mdm_1/U0/Dbg_Shift_31                                                                                                     |                                                                                                                                                        |                2 |              8 |
|  system_i/clk_wiz_1/inst/clk_out1  | system_i/microblaze_0_axi_periph/s01_couplers/auto_pc/n_0_axaddr_wrap[11]_i_1                                                      |                                                                                                                                                        |                3 |              8 |
|  system_i/clk_wiz_1/inst/clk_out1  | system_i/microblaze_0_axi_periph/s01_couplers/auto_pc/n_0_axlen_cnt[7]_i_1__0                                                      |                                                                                                                                                        |                5 |              8 |
|  system_i/clk_wiz_1/inst/clk_out1  | system_i/microblaze_0_axi_periph/s01_couplers/auto_pc/n_0_axaddr_incr[0]_i_1                                                       |                                                                                                                                                        |                2 |              8 |
|  system_i/clk_wiz_1/inst/clk_out1  | system_i/microblaze_0_axi_periph/s01_couplers/auto_pc/inst/gen_axilite.gen_b2s_conv.axilite_b2s/b_push                             |                                                                                                                                                        |                1 |              8 |
|  system_i/clk_wiz_1/inst/clk_out1  | system_i/microblaze_0_axi_periph/s01_couplers/auto_pc/inst/gen_axilite.gen_b2s_conv.axilite_b2s/WR.b_channel_0/mhandshake_r        | system_i/microblaze_0_axi_periph/s01_couplers/auto_pc/inst/gen_axilite.gen_b2s_conv.axilite_b2s/WR.b_channel_0/s_bresp_acc0                            |                3 |              8 |
|  system_i/clk_wiz_1/inst/clk_out1  | system_i/microblaze_0_axi_periph/s01_couplers/auto_pc/n_0_wrap_boundary_axaddr_r[11]_i_1__0                                        |                                                                                                                                                        |                3 |              8 |
|  system_i/mdm_1/U0/Ext_JTAG_DRCK   | system_i/mdm_1/U0/n_0_tdi_shifter[0]_i_1                                                                                           |                                                                                                                                                        |                1 |              8 |
|  system_i/clk_wiz_1/inst/clk_out1  | system_i/microblaze_0/U0/MicroBlaze_Core_I/Performance.Using_DCache.Using_WriteBack.DCache_wb_I1/ENB                               | system_i/microblaze_0/U0/MicroBlaze_Core_I/sync_reset                                                                                                  |                5 |              8 |
|  system_i/clk_wiz_1/inst/clk_out1  | system_i/microblaze_0_axi_periph/s02_couplers/auto_pc/n_0_axaddr_wrap[11]_i_1                                                      |                                                                                                                                                        |                3 |              8 |
|  system_i/clk_wiz_1/inst/clk_out1  | system_i/microblaze_0/U0/n_0_new_tag_valid_bits_1[0]_i_1                                                                           | system_i/microblaze_0/U0/MicroBlaze_Core_I/sync_reset                                                                                                  |                2 |              8 |
|  system_i/clk_wiz_1/inst/clk_out1  | system_i/microblaze_0_axi_periph/s02_couplers/auto_pc/n_0_axlen_cnt[7]_i_1                                                         |                                                                                                                                                        |                4 |              8 |
|  system_i/clk_wiz_1/inst/clk_out1  | system_i/microblaze_0_axi_periph/s01_couplers/auto_pc/n_0_wrap_boundary_axaddr_r[11]_i_1                                           |                                                                                                                                                        |                4 |              8 |
|  system_i/mdm_1/U0/Ext_JTAG_UPDATE | system_i/mdm_1/U0/MDM_Core_I1/JTAG_CONTROL_I/command_10                                                                            |                                                                                                                                                        |                2 |              8 |
|  system_i/clk_wiz_1/inst/clk_out1  |                                                                                                                                    | system_i/microblaze_0/U0/MicroBlaze_Core_I/Performance.Using_DCache.Using_WriteBack.DCache_wb_I1/current_read_info[write_miss]                         |                3 |              8 |
|  system_i/clk_wiz_1/inst/clk_out1  | system_i/microblaze_0/U0/MicroBlaze_Core_I/Performance.Using_ICache.ICache_I1/DATA_INB[8]                                          | system_i/microblaze_0/U0/MicroBlaze_Core_I/Performance.Using_ICache.ICache_I1/update_idle                                                              |                2 |              8 |
|  system_i/mdm_1/U0/Ext_JTAG_DRCK   | system_i/microblaze_0/U0/MicroBlaze_Core_I/Performance.Use_Debug_Logic.Master_Core.Debug_Perf/SRL16_En                             |                                                                                                                                                        |                7 |              8 |
|  system_i/clk_wiz_1/inst/clk_out1  |                                                                                                                                    | system_i/microblaze_0/U0/MicroBlaze_Core_I/Performance.Data_Flow_I/FPU_I/Use_FPU.Using_FPU_Extended.fpu_sqrt_I1/R_Reg1                                 |                2 |              8 |
|  system_i/clk_wiz_1/inst/clk_out1  | system_i/microblaze_0/U0/MicroBlaze_Core_I/Performance.Data_Flow_I/FPU_I/Use_FPU.Using_FPU_Extended.fpu_sqrt_I1/ex_start_sqrt      | system_i/microblaze_0/U0/MicroBlaze_Core_I/sync_reset                                                                                                  |                2 |              8 |
|  system_i/clk_wiz_1/inst/clk_out1  | system_i/microblaze_0/U0/n_0_Using_AXI.M_AXI_ARADDR_I[31]_i_2                                                                      | system_i/microblaze_0/U0/n_0_Cache_Interface_I1/Using_AXI.M_AXI_ARADDR_I[15]_i_1                                                                       |                5 |              8 |
|  system_i/clk_wiz_1/inst/clk_out1  | system_i/microblaze_0_axi_periph/s01_couplers/auto_pc/n_0_axaddr_wrap[11]_i_1__0                                                   |                                                                                                                                                        |                2 |              8 |
|  system_i/clk_wiz_1/inst/clk_out1  | system_i/microblaze_0_axi_periph/s02_couplers/auto_pc/n_0_wrap_boundary_axaddr_r[11]_i_1                                           |                                                                                                                                                        |                4 |              8 |
|  system_i/clk_wiz_1/inst/clk_out1  | system_i/microblaze_0_axi_periph/s01_couplers/auto_pc/n_0_axlen_cnt[7]_i_1                                                         |                                                                                                                                                        |                4 |              8 |
|  system_i/clk_wiz_1/inst/clk_out1  | system_i/mdm_1/U0/n_0_s_axi_rdata_i[7]_i_1                                                                                         | system_i/mdm_1/U0/Use_AXI_IPIF.AXI_LITE_IPIF_I/I_SLAVE_ATTACHMENT/rst                                                                                  |                3 |              8 |
|  system_i/clk_wiz_1/inst/clk_out1  | system_i/mdm_1/U0/n_0_Addr_Counters[0].XORCY_I_i_2__0                                                                              |                                                                                                                                                        |                1 |              8 |
|  system_i/clk_wiz_1/inst/clk_out1  | system_i/mdm_1/U0/n_0_Addr_Counters[0].XORCY_I_i_2                                                                                 |                                                                                                                                                        |                1 |              8 |
|  system_i/mdm_1/U0/Ext_JTAG_DRCK   | system_i/mdm_1/U0/n_0_Use_UART.tdo_reg[0]_i_1                                                                                      |                                                                                                                                                        |                3 |              8 |
|  system_i/clk_wiz_1/inst/clk_out1  |                                                                                                                                    | system_i/microblaze_0/U0/n_0_Use_FPU.WB_FPU_Result[1]_i_1                                                                                              |                3 |              8 |
| ~system_i/mdm_1/U0/Ext_JTAG_UPDATE | system_i/mdm_1/U0/n_0_command[0]_i_1                                                                                               |                                                                                                                                                        |                2 |              8 |
|  system_i/clk_wiz_1/inst/clk_out1  |                                                                                                                                    | system_i/microblaze_0/U0/MicroBlaze_Core_I/Performance.Using_DCache.Using_WriteBack.DCache_wb_I1/data_conflict_N                                       |                4 |              9 |
|  system_i/clk_wiz_1/inst/clk_out1  | system_i/microblaze_0/U0/MicroBlaze_Core_I/Performance.Data_Flow_I/FPU_I/Use_FPU.Using_FPU_Extended.fpu_sqrt_I1/p_2_in0            |                                                                                                                                                        |                4 |             10 |
|  system_i/clk_wiz_1/inst/clk_out1  | system_i/microblaze_0/U0/MicroBlaze_Core_I/Performance.Decode_I/PC_Module_I/bt_clearing0                                           | system_i/microblaze_0/U0/n_0_Use_BTC_2.bt_addr_count[0]_i_1                                                                                            |                2 |             10 |
|  system_i/clk_wiz_1/inst/clk_out1  |                                                                                                                                    | system_i/microblaze_0_axi_periph/xbar/inst/gen_sasd.crossbar_sasd_0/reset                                                                              |                4 |             10 |
|  system_i/clk_wiz_1/inst/clk_out1  | system_i/microblaze_0/U0/n_0_victim_addr[0][0]_i_1__0                                                                              | system_i/microblaze_0/U0/MicroBlaze_Core_I/Performance.Using_DCache.Using_WriteBack.DCache_wb_I1/Using_Victim_Cache.victim_cache_I1/valid_victim_addr1 |                2 |             11 |
|  system_i/clk_wiz_1/inst/clk_out1  | system_i/microblaze_0/U0/n_0_victim_addr[1][0]_i_1                                                                                 | system_i/microblaze_0/U0/MicroBlaze_Core_I/Performance.Using_ICache.ICache_I1/Using_Victim_Cache.victim_cache_I1/valid_victim_addr1                    |                2 |             11 |
|  system_i/clk_wiz_1/inst/clk_out1  | system_i/microblaze_0/U0/n_0_victim_addr[2][0]_i_1                                                                                 | system_i/microblaze_0/U0/MicroBlaze_Core_I/Performance.Using_ICache.ICache_I1/Using_Victim_Cache.victim_cache_I1/valid_victim_addr1                    |                4 |             11 |
|  system_i/clk_wiz_1/inst/clk_out1  | system_i/microblaze_0/U0/n_0_victim_addr[2][0]_i_1__0                                                                              | system_i/microblaze_0/U0/MicroBlaze_Core_I/Performance.Using_DCache.Using_WriteBack.DCache_wb_I1/Using_Victim_Cache.victim_cache_I1/valid_victim_addr1 |                2 |             11 |
|  system_i/clk_wiz_1/inst/clk_out1  | system_i/microblaze_0/U0/n_0_victim_addr[3][0]_i_1                                                                                 | system_i/microblaze_0/U0/MicroBlaze_Core_I/Performance.Using_ICache.ICache_I1/Using_Victim_Cache.victim_cache_I1/valid_victim_addr1                    |                3 |             11 |
|  system_i/clk_wiz_1/inst/clk_out1  | system_i/microblaze_0/U0/n_0_victim_addr[3][0]_i_1__0                                                                              | system_i/microblaze_0/U0/MicroBlaze_Core_I/Performance.Using_DCache.Using_WriteBack.DCache_wb_I1/Using_Victim_Cache.victim_cache_I1/valid_victim_addr1 |                2 |             11 |
|  system_i/clk_wiz_1/inst/clk_out1  | system_i/microblaze_0/U0/n_0_victim_addr[4][0]_i_1                                                                                 | system_i/microblaze_0/U0/MicroBlaze_Core_I/Performance.Using_ICache.ICache_I1/Using_Victim_Cache.victim_cache_I1/valid_victim_addr1                    |                2 |             11 |
|  system_i/clk_wiz_1/inst/clk_out1  | system_i/microblaze_0/U0/n_0_victim_addr[4][0]_i_1__0                                                                              | system_i/microblaze_0/U0/MicroBlaze_Core_I/Performance.Using_DCache.Using_WriteBack.DCache_wb_I1/Using_Victim_Cache.victim_cache_I1/valid_victim_addr1 |                2 |             11 |
|  system_i/clk_wiz_1/inst/clk_out1  | system_i/microblaze_0/U0/n_0_victim_addr[5][0]_i_1                                                                                 | system_i/microblaze_0/U0/MicroBlaze_Core_I/Performance.Using_ICache.ICache_I1/Using_Victim_Cache.victim_cache_I1/valid_victim_addr1                    |                2 |             11 |
|  system_i/clk_wiz_1/inst/clk_out1  | system_i/microblaze_0/U0/n_0_victim_addr[5][0]_i_1__0                                                                              | system_i/microblaze_0/U0/MicroBlaze_Core_I/Performance.Using_DCache.Using_WriteBack.DCache_wb_I1/Using_Victim_Cache.victim_cache_I1/valid_victim_addr1 |                2 |             11 |
|  system_i/clk_wiz_1/inst/clk_out1  | system_i/microblaze_0/U0/n_0_victim_addr[6][0]_i_1                                                                                 | system_i/microblaze_0/U0/MicroBlaze_Core_I/Performance.Using_ICache.ICache_I1/Using_Victim_Cache.victim_cache_I1/valid_victim_addr1                    |                2 |             11 |
|  system_i/clk_wiz_1/inst/clk_out1  | system_i/microblaze_0/U0/n_0_victim_addr[6][0]_i_1__0                                                                              | system_i/microblaze_0/U0/MicroBlaze_Core_I/Performance.Using_DCache.Using_WriteBack.DCache_wb_I1/Using_Victim_Cache.victim_cache_I1/valid_victim_addr1 |                2 |             11 |
|  system_i/clk_wiz_1/inst/clk_out1  | system_i/microblaze_0/U0/n_0_victim_addr[7][0]_i_2                                                                                 | system_i/microblaze_0/U0/MicroBlaze_Core_I/Performance.Using_ICache.ICache_I1/Using_Victim_Cache.victim_cache_I1/valid_victim_addr1                    |                2 |             11 |
|  system_i/clk_wiz_1/inst/clk_out1  | system_i/microblaze_0/U0/n_0_victim_addr[7][0]_i_2__0                                                                              | system_i/microblaze_0/U0/MicroBlaze_Core_I/Performance.Using_DCache.Using_WriteBack.DCache_wb_I1/Using_Victim_Cache.victim_cache_I1/valid_victim_addr1 |                2 |             11 |
|  system_i/clk_wiz_1/inst/clk_out1  | system_i/ISL58315_driver_0/inst/ISL58315_driver_v1_0_S00_AXI_inst/axi_awready0                                                     | system_i/ISL58315_driver_0/n_0_axi_awready_i_1                                                                                                         |                4 |             11 |
|  system_i/clk_wiz_1/inst/clk_out1  | system_i/microblaze_0/U0/MicroBlaze_Core_I/Performance.Using_DCache.Using_WriteBack.DCache_wb_I1/p_55_out                          | system_i/microblaze_0/U0/MicroBlaze_Core_I/sync_reset                                                                                                  |                3 |             11 |
|  system_i/clk_wiz_1/inst/clk_out1  | system_i/microblaze_0/U0/MicroBlaze_Core_I/Performance.Using_ICache.ICache_I1/Using_Stream.stream_cache_I1/next_stream_addr0       | system_i/microblaze_0/U0/MicroBlaze_Core_I/sync_reset                                                                                                  |                4 |             11 |
|  system_i/clk_wiz_1/inst/clk_out1  | system_i/microblaze_0/U0/MicroBlaze_Core_I/Performance.Using_ICache.ICache_I1/p_81_in                                              | system_i/microblaze_0/U0/MicroBlaze_Core_I/sync_reset                                                                                                  |                6 |             11 |
|  system_i/clk_wiz_1/inst/clk_out1  | system_i/microblaze_0/U0/MicroBlaze_Core_I/Performance.Using_ICache.ICache_I1/update_idle                                          |                                                                                                                                                        |                6 |             11 |
|  system_i/clk_wiz_1/inst/clk_out1  | system_i/microblaze_0/U0/n_0_victim_addr[1][0]_i_1__0                                                                              | system_i/microblaze_0/U0/MicroBlaze_Core_I/Performance.Using_DCache.Using_WriteBack.DCache_wb_I1/Using_Victim_Cache.victim_cache_I1/valid_victim_addr1 |                2 |             11 |
|  system_i/clk_wiz_1/inst/clk_out1  | system_i/microblaze_0/U0/n_0_Using_Victim_Cache.addr_to_write[0]_i_1                                                               | system_i/microblaze_0/U0/MicroBlaze_Core_I/sync_reset                                                                                                  |                3 |             11 |
|  system_i/clk_wiz_1/inst/clk_out1  | system_i/microblaze_0/U0/n_0_victim_addr[0][0]_i_1                                                                                 | system_i/microblaze_0/U0/MicroBlaze_Core_I/Performance.Using_ICache.ICache_I1/Using_Victim_Cache.victim_cache_I1/valid_victim_addr1                    |                2 |             11 |
|  system_i/clk_wiz_1/inst/clk_out1  | system_i/microblaze_0/U0/MicroBlaze_Core_I/Performance.Data_Flow_I/FPU_I/p_84_in                                                   | system_i/microblaze_0/U0/MicroBlaze_Core_I/sync_reset                                                                                                  |                5 |             12 |
|  system_i/clk_wiz_1/inst/clk_out1  | system_i/microblaze_0/U0/n_0_Using_AXI.M_AXI_ARADDR_I[31]_i_2                                                                      | system_i/microblaze_0/U0/n_0_Using_AXI.M_AXI_ARADDR_I[31]_i_1__0                                                                                       |                7 |             15 |
|  system_i/clk_wiz_1/inst/clk_out1  | system_i/microblaze_0/U0/MicroBlaze_Core_I/OF_Write_Imm_Reg                                                                        | system_i/microblaze_0/U0/MicroBlaze_Core_I/sync_reset                                                                                                  |                6 |             16 |
|  system_i/clk_wiz_1/inst/clk_out1  | system_i/microblaze_0/U0/Trace_MEM_PipeRun                                                                                         | system_i/microblaze_0/U0/MicroBlaze_Core_I/sync_reset                                                                                                  |                9 |             17 |
|  system_i/clk_wiz_1/inst/clk_out1  | system_i/microblaze_0/U0/Trace_MEM_PipeRun                                                                                         | system_i/microblaze_0/U0/n_0_Use_FPU.WB_FPU_Result[10]_i_1                                                                                             |                8 |             21 |
|  system_i/clk_wiz_1/inst/clk_out1  | system_i/microblaze_0/U0/MicroBlaze_Core_I/Performance.Using_DCache.Using_WriteBack.DCache_wb_I1/Read_Req_Granted                  |                                                                                                                                                        |                7 |             22 |
|  system_i/clk_wiz_1/inst/clk_out1  | system_i/microblaze_0/U0/MicroBlaze_Core_I/Performance.Using_ICache.ICache_I1/Read_Req_Granted                                     |                                                                                                                                                        |                7 |             23 |
|  system_i/clk_wiz_1/inst/clk_out1  | system_i/microblaze_0/U0/n_0_MicroBlaze_Core_I/Performance.Data_Flow_I/FPU_I/Use_FPU.FPU_DIV_I/mem_div_iterate_reg                 | system_i/microblaze_0/U0/MicroBlaze_Core_I/Performance.Data_Flow_I/FPU_I/Use_FPU.FPU_DIV_I/mem_reset_Q                                                 |                6 |             24 |
|  system_i/clk_wiz_1/inst/clk_out1  | system_i/microblaze_0/U0/MicroBlaze_Core_I/Performance.Using_DCache.Using_WriteBack.DCache_wb_I1/next_read_info_reg[word_in_line]0 | system_i/microblaze_0/U0/MicroBlaze_Core_I/sync_reset                                                                                                  |               11 |             24 |
|  system_i/clk_wiz_1/inst/clk_out1  | system_i/microblaze_0/U0/n_0_mem_R[7]_i_1                                                                                          |                                                                                                                                                        |                6 |             24 |
|  system_i/clk_wiz_1/inst/clk_out1  | system_i/microblaze_0/U0/MicroBlaze_Core_I/Performance.Data_Flow_I/FPU_I/Use_FPU.FPU_DIV_I/mem_div_iterate1                        |                                                                                                                                                        |                5 |             24 |
|  system_i/clk_wiz_1/inst/clk_out1  |                                                                                                                                    | system_i/microblaze_0/U0/MicroBlaze_Core_I/Performance.Data_Flow_I/FPU_I/Use_FPU.Using_FPU_Extended.fpu_sqrt_I1/Q_Reg0                                 |                7 |             25 |
|  system_i/clk_wiz_1/inst/clk_out1  | system_i/microblaze_0_axi_periph/xbar/inst/gen_sasd.crossbar_sasd_0/addr_arbiter_inst/p_3_in                                       | system_i/microblaze_0_axi_periph/xbar/inst/gen_sasd.crossbar_sasd_0/reset                                                                              |               13 |             25 |
|  system_i/clk_wiz_1/inst/clk_out1  |                                                                                                                                    | system_i/microblaze_0/U0/n_0_R_Reg[0]_i_1                                                                                                              |                7 |             25 |
|  system_i/clk_wiz_1/inst/clk_out1  | system_i/microblaze_0/U0/n_0_Using_AXI.M_AXI_ARADDR_I[31]_i_1                                                                      | system_i/microblaze_0/U0/MicroBlaze_Core_I/sync_reset                                                                                                  |               13 |             27 |
|  system_i/clk_wiz_1/inst/clk_out1  |                                                                                                                                    | system_i/microblaze_0/U0/MicroBlaze_Core_I/Performance.Data_Flow_I/FPU_I/Use_FPU.FPU_DIV_I/MEM_Div_Dec_Exp_40                                          |               11 |             27 |
|  system_i/clk_wiz_1/inst/clk_out1  | system_i/microblaze_0/U0/n_0_Use_BTC_2.bt_delayslot_target[0]_i_1                                                                  | system_i/microblaze_0/U0/MicroBlaze_Core_I/sync_reset                                                                                                  |               11 |             30 |
|  system_i/clk_wiz_1/inst/clk_out1  | system_i/microblaze_0/U0/I_AS                                                                                                      |                                                                                                                                                        |               15 |             30 |
|  system_i/clk_wiz_1/inst/clk_out1  | system_i/microblaze_0/U0/n_0_Use_BTC_2.bt_saved_pc[0]_i_1                                                                          | system_i/microblaze_0/U0/MicroBlaze_Core_I/sync_reset                                                                                                  |               12 |             30 |
|  system_i/mdm_1/U0/Ext_JTAG_DRCK   |                                                                                                                                    | system_i/mdm_1/U0/n_0_Config_Reg[30]_i_1                                                                                                               |                7 |             31 |
|  system_i/clk_wiz_1/inst/clk_out1  |                                                                                                                                    | system_i/microblaze_0/U0/MicroBlaze_Core_I/Performance.Data_Flow_I/FPU_I/Use_FPU.Using_FPU_Extended.fpu_conv_I1/MEM_Int_Result_5_reg01_out             |               11 |             31 |
|  system_i/clk_wiz_1/inst/clk_out1  |                                                                                                                                    | system_i/microblaze_0/U0/n_0_Performance.Use_DLMB.wb_dlmb_valid_read_data[0]_i_1                                                                       |               20 |             32 |
|  system_i/mdm_1/U0/Ext_JTAG_DRCK   | system_i/microblaze_0/U0/MicroBlaze_Core_I/Performance.Use_Debug_Logic.Master_Core.Debug_Perf/New_Dbg_Instr_TCK                    |                                                                                                                                                        |               11 |             32 |
|  system_i/clk_wiz_1/inst/clk_out1  | system_i/microblaze_0/U0/Trace_MEM_PipeRun                                                                                         | system_i/microblaze_0/U0/MicroBlaze_Core_I/Performance.Data_Flow_I/Data_Flow_Logic_I/WB_MEM_Result0                                                    |               11 |             32 |
|  system_i/clk_wiz_1/inst/clk_out1  | system_i/microblaze_0/U0/Trace_EX_PipeRun                                                                                          | system_i/microblaze_0/U0/MicroBlaze_Core_I/Performance.Data_Flow_I/Data_Flow_Logic_I/R                                                                 |               12 |             32 |
|  system_i/clk_wiz_1/inst/clk_out1  | system_i/microblaze_0/U0/Trace_MEM_PipeRun                                                                                         | system_i/microblaze_0/U0/n_0_Use_HW_MUL.Using_DSP48_Architectures.Doing_mul64.Virtex_MUL64.wb_mul32_result[15]_i_1                                     |                6 |             32 |
|  system_i/clk_wiz_1/inst/clk_out1  | system_i/microblaze_0/U0/n_0_mem_pc_i[0]_i_1                                                                                       | system_i/microblaze_0/U0/MicroBlaze_Core_I/sync_reset                                                                                                  |                7 |             32 |
|  system_i/clk_wiz_1/inst/clk_out1  | system_i/microblaze_0/U0/Trace_MEM_PipeRun                                                                                         |                                                                                                                                                        |                9 |             32 |
|  system_i/clk_wiz_1/inst/clk_out1  | system_i/microblaze_0_axi_periph/s01_couplers/auto_pc/inst/gen_axilite.gen_b2s_conv.axilite_b2s/RD.r_channel_0/wr_en0              |                                                                                                                                                        |                9 |             32 |
|  system_i/clk_wiz_1/inst/clk_out1  | system_i/microblaze_0/U0/n_0_read_data_bypass[0]_i_1                                                                               | system_i/microblaze_0/U0/MicroBlaze_Core_I/sync_reset                                                                                                  |                9 |             32 |
|  system_i/clk_wiz_1/inst/clk_out1  | system_i/microblaze_0/U0/n_0_R[0]_i_1                                                                                              | system_i/microblaze_0/U0/MicroBlaze_Core_I/EX_Start_Div                                                                                                |                8 |             32 |
|  system_i/clk_wiz_1/inst/clk_out1  | system_i/microblaze_0/U0/MicroBlaze_Core_I/Performance.Using_ICache.ICache_I1/p_60_out                                             | system_i/microblaze_0/U0/MicroBlaze_Core_I/sync_reset                                                                                                  |               17 |             32 |
|  system_i/clk_wiz_1/inst/clk_out1  | system_i/microblaze_0/U0/MicroBlaze_Core_I/Performance.Using_ICache.ICache_I1/Valid_Data                                           |                                                                                                                                                        |                8 |             32 |
|  system_i/clk_wiz_1/inst/clk_out1  | system_i/microblaze_0/U0/MicroBlaze_Core_I/Performance.Using_DCache.Using_WriteBack.DCache_wb_I1/p_124_in                          |                                                                                                                                                        |                4 |             32 |
|  system_i/clk_wiz_1/inst/clk_out1  | system_i/microblaze_0/U0/MicroBlaze_Core_I/Performance.Using_DCache.Using_WriteBack.DCache_wb_I1/current_read_info[write_miss]     | system_i/microblaze_0/U0/MicroBlaze_Core_I/sync_reset                                                                                                  |               10 |             32 |
|  system_i/clk_wiz_1/inst/clk_out1  | system_i/microblaze_0_axi_periph/s02_couplers/auto_pc/inst/gen_axilite.gen_b2s_conv.axilite_b2s/RD.r_channel_0/wr_en0              |                                                                                                                                                        |                8 |             32 |
|  system_i/clk_wiz_1/inst/clk_out1  |                                                                                                                                    | system_i/microblaze_0/U0/n_0_Using_Perf_4.WB_DCache_Valid_Read_data[0]_i_1                                                                             |               12 |             32 |
|  system_i/clk_wiz_1/inst/clk_out1  | system_i/microblaze_0/U0/MicroBlaze_Core_I/EX_Start_Div                                                                            |                                                                                                                                                        |                8 |             32 |
|  system_i/clk_wiz_1/inst/clk_out1  | system_i/ISL58315_driver_0/inst/ISL58315_driver_v1_0_S00_AXI_inst/slv_reg_rden                                                     | system_i/ISL58315_driver_0/n_0_axi_awready_i_1                                                                                                         |               30 |             32 |
|  system_i/clk_wiz_1/inst/clk_out1  | system_i/microblaze_0_axi_periph/xbar/s_axi_rvalid[0]                                                                              | system_i/microblaze_0/U0/MicroBlaze_Core_I/sync_reset                                                                                                  |               11 |             32 |
|  system_i/clk_wiz_1/inst/clk_out1  | system_i/microblaze_0/U0/MicroBlaze_Core_I/Performance.Data_Flow_I/Using_Div_Unit.Div_unit_I1/Q0                                   | system_i/microblaze_0/U0/MicroBlaze_Core_I/Performance.Data_Flow_I/Using_Div_Unit.Div_unit_I1/reset_Q                                                  |                9 |             33 |
|  system_i/clk_wiz_1/inst/clk_out1  | system_i/microblaze_0_axi_periph/s02_couplers/auto_pc/s_axi_arready                                                                |                                                                                                                                                        |               21 |             33 |
|  system_i/clk_wiz_1/inst/clk_out1  | system_i/microblaze_0_axi_periph/s02_couplers/auto_pc/inst/gen_axilite.gen_b2s_conv.axilite_b2s/si_rs_rready                       |                                                                                                                                                        |                9 |             33 |
|  system_i/clk_wiz_1/inst/clk_out1  | system_i/microblaze_0_axi_periph/xbar/inst/gen_sasd.crossbar_sasd_0/reg_slice_r/p_1_in                                             |                                                                                                                                                        |               19 |             33 |
|  system_i/clk_wiz_1/inst/clk_out1  | system_i/microblaze_0_axi_periph/s01_couplers/auto_pc/inst/gen_axilite.gen_b2s_conv.axilite_b2s/SI_REG/r_pipe/p_1_in               |                                                                                                                                                        |                9 |             33 |
|  system_i/clk_wiz_1/inst/clk_out1  | system_i/microblaze_0_axi_periph/s01_couplers/auto_pc/inst/gen_axilite.gen_b2s_conv.axilite_b2s/SI_REG/ar_pipe/p_1_in              |                                                                                                                                                        |               13 |             33 |
|  system_i/clk_wiz_1/inst/clk_out1  | system_i/microblaze_0_axi_periph/xbar/inst/gen_sasd.crossbar_sasd_0/aa_rready                                                      |                                                                                                                                                        |               18 |             33 |
|  system_i/clk_wiz_1/inst/clk_out1  | system_i/microblaze_0_axi_periph/s02_couplers/auto_pc/inst/gen_axilite.gen_b2s_conv.axilite_b2s/SI_REG/ar_pipe/p_1_in              |                                                                                                                                                        |               17 |             33 |
|  system_i/clk_wiz_1/inst/clk_out1  | system_i/microblaze_0_axi_periph/s01_couplers/auto_pc/s_axi_arready                                                                |                                                                                                                                                        |               13 |             33 |
|  system_i/clk_wiz_1/inst/clk_out1  | system_i/microblaze_0_axi_periph/s01_couplers/auto_pc/inst/gen_axilite.gen_b2s_conv.axilite_b2s/si_rs_rready                       |                                                                                                                                                        |                9 |             33 |
|  system_i/clk_wiz_1/inst/clk_out1  | system_i/microblaze_0_axi_periph/s02_couplers/auto_pc/inst/gen_axilite.gen_b2s_conv.axilite_b2s/SI_REG/r_pipe/p_1_in               |                                                                                                                                                        |                8 |             33 |
|  system_i/clk_wiz_1/inst/clk_out1  | system_i/microblaze_0_axi_periph/s01_couplers/auto_pc/inst/gen_axilite.gen_b2s_conv.axilite_b2s/SI_REG/aw_pipe/p_1_in              |                                                                                                                                                        |                7 |             34 |
|  system_i/clk_wiz_1/inst/clk_out1  | system_i/microblaze_0_axi_periph/s01_couplers/auto_pc/s_axi_awready                                                                |                                                                                                                                                        |                9 |             34 |
|  system_i/clk_wiz_1/inst/clk_out1  |                                                                                                                                    | system_i/microblaze_0/U0/MicroBlaze_Core_I/Performance.Data_Flow_I/FPU_I/Use_FPU.Using_FPU_Extended.fpu_conv_I1/MEM_Flt_Exp_40                         |               11 |             34 |
|  system_i/clk_wiz_1/inst/clk_out1  |                                                                                                                                    | system_i/microblaze_0/U0/MicroBlaze_Core_I/Performance.Data_Flow_I/FPU_I/MEM_Int_Done_Early                                                            |               13 |             35 |
|  system_i/clk_wiz_1/inst/clk_out1  | system_i/microblaze_0/U0/Trace_EX_PipeRun                                                                                          | system_i/microblaze_0/U0/n_0_Use_HW_BS.mem_void_bit_i_1                                                                                                |               14 |             36 |
|  system_i/clk_wiz_1/inst/clk_out1  |                                                                                                                                    | system_i/microblaze_0_axi_periph/s02_couplers/auto_pc/inst/gen_axilite.gen_b2s_conv.axilite_b2s/areset_d1                                              |               11 |             43 |
|  system_i/clk_wiz_1/inst/clk_out1  | system_i/microblaze_0/U0/MicroBlaze_Core_I/Performance.Using_DCache.Using_WriteBack.DCache_wb_I1/Valid_Data                        |                                                                                                                                                        |               11 |             44 |
|  system_i/clk_wiz_1/inst/clk_out1  | system_i/microblaze_0/U0/MicroBlaze_Core_I/Performance.Using_ICache.ICache_I1/victim_valid_old_data                                |                                                                                                                                                        |               11 |             44 |
|  system_i/clk_wiz_1/inst/clk_out1  | system_i/microblaze_0/U0/MicroBlaze_Core_I/Performance.Using_DCache.Using_WriteBack.DCache_wb_I1/p_81_out                          | system_i/microblaze_0/U0/MicroBlaze_Core_I/sync_reset                                                                                                  |               16 |             47 |
|  system_i/clk_wiz_1/inst/clk_out1  |                                                                                                                                    | system_i/microblaze_0_axi_periph/s01_couplers/auto_pc/inst/gen_axilite.gen_b2s_conv.axilite_b2s/areset_d1                                              |               16 |             54 |
|  system_i/clk_wiz_1/inst/clk_out1  | system_i/microblaze_0/U0/MicroBlaze_Core_I/Performance.Decode_I/IF_PC_Write                                                        | system_i/microblaze_0/U0/MicroBlaze_Core_I/sync_reset                                                                                                  |               16 |             54 |
|  system_i/clk_wiz_1/inst/clk_out1  | system_i/microblaze_0/U0/n_0_Use_FPU.mem_MantA_2[8]_i_1                                                                            | system_i/microblaze_0/U0/MicroBlaze_Core_I/sync_reset                                                                                                  |               20 |             56 |
|  system_i/mdm_1/U0/Ext_JTAG_DRCK   | system_i/mdm_1/U0/Dbg_Capture_0                                                                                                    |                                                                                                                                                        |               15 |             61 |
|  system_i/clk_wiz_1/inst/clk_out1  | system_i/microblaze_0/U0/n_0_MicroBlaze_Core_I/Performance.Decode_I/Using_ICache_Carry_Chain.Using_Latch_AS_Logic.AND2B1L_I1       |                                                                                                                                                        |               11 |             79 |
|  system_i/mdm_1/U0/Ext_JTAG_DRCK   |                                                                                                                                    |                                                                                                                                                        |               38 |            107 |
|  system_i/clk_wiz_1/inst/clk_out1  | system_i/microblaze_0/U0/MicroBlaze_Core_I/Performance.Using_DCache.Using_WriteBack.DCache_wb_I1/Write_Req_Granted                 |                                                                                                                                                        |               25 |            113 |
|  system_i/clk_wiz_1/inst/clk_out1  | system_i/microblaze_0/U0/Trace_Reg_Write                                                                                           |                                                                                                                                                        |               16 |            128 |
|  system_i/clk_wiz_1/inst/clk_out1  | system_i/microblaze_0/U0/Trace_EX_PipeRun                                                                                          | system_i/microblaze_0/U0/MicroBlaze_Core_I/sync_reset                                                                                                  |               62 |            165 |
|  system_i/clk_wiz_1/inst/clk_out1  | system_i/microblaze_0/U0/Trace_OF_PipeRun                                                                                          | system_i/microblaze_0/U0/MicroBlaze_Core_I/sync_reset                                                                                                  |               82 |            227 |
|  system_i/clk_wiz_1/inst/clk_out1  |                                                                                                                                    | system_i/microblaze_0/U0/MicroBlaze_Core_I/sync_reset                                                                                                  |              188 |            450 |
|  system_i/clk_wiz_1/inst/clk_out1  |                                                                                                                                    |                                                                                                                                                        |              211 |            486 |
|  system_i/clk_wiz_1/inst/clk_out1  |                                                                                                                                    | system_i/ISL58315_driver_0/n_0_axi_awready_i_1                                                                                                         |              360 |           1027 |
+------------------------------------+------------------------------------------------------------------------------------------------------------------------------------+--------------------------------------------------------------------------------------------------------------------------------------------------------+------------------+----------------+


